clicar na pasta do projeto 
clicar co o botão direito e "Show More Options"

Clicra em Git Bash Here

frederico.fernandes@C11-GFY81TQH1W1 MINGW64 /c/flutter_projects
$ git init
Initialized empty Git repository in C:/flutter_projects/.git/

frederico.fernandes@C11-GFY81TQH1W1 MINGW64 /c/flutter_projects (master)
$ git add "contador"
warning: in the working copy of 'contador/.metadata', LF will be replaced by CRLF the next time Git touches it
warning: in the working copy of 'contador/pubspec.lock', LF will be replaced by CRLF the next time Git touches it

frederico.fernandes@C11-GFY81TQH1W1 MINGW64 /c/flutter_projects (master)
$ git add "first_app"
warning: in the working copy of 'first_app/.metadata', LF will be replaced by CRLF the next time Git touches it
warning: in the working copy of 'first_app/pubspec.lock', LF will be replaced by CRLF the next time Git touches it

frederico.fernandes@C11-GFY81TQH1W1 MINGW64 /c/flutter_projects (master)
$ git commit -m "Criado Repositório"
[master (root-commit) 50fe1a3] Criado Repositório
 147 files changed, 3921 insertions(+)
 create mode 100644 contador/.gitignore
 create mode 100644 contador/.metadata
 create mode 100644 contador/README.md
 create mode 100644 contador/analysis_options.yaml
 create mode 100644 contador/android/.gitignore
 create mode 100644 contador/android/app/build.gradle
 create mode 100644 contador/android/app/src/debug/AndroidManifest.xml
 create mode 100644 contador/android/app/src/main/AndroidManifest.xml
 create mode 100644 contador/android/app/src/main/kotlin/com/example/contador/MainActivity.kt
 create mode 100644 contador/android/app/src/main/res/drawable-v21/launch_background.xml
 create mode 100644 contador/android/app/src/main/res/drawable/launch_background.xml
 create mode 100644 contador/android/app/src/main/res/mipmap-hdpi/ic_launcher.png
 create mode 100644 contador/android/app/src/main/res/mipmap-mdpi/ic_launcher.png
 create mode 100644 contador/android/app/src/main/res/mipmap-xhdpi/ic_launcher.png
 create mode 100644 contador/android/app/src/main/res/mipmap-xxhdpi/ic_launcher.png
 create mode 100644 contador/android/app/src/main/res/mipmap-xxxhdpi/ic_launcher.png
 create mode 100644 contador/android/app/src/main/res/values-night/styles.xml
 create mode 100644 contador/android/app/src/main/res/values/styles.xml
 create mode 100644 contador/android/app/src/profile/AndroidManifest.xml
 create mode 100644 contador/android/build.gradle
 create mode 100644 contador/android/gradle.properties
 create mode 100644 contador/android/gradle/wrapper/gradle-wrapper.properties
 create mode 100644 contador/android/settings.gradle
 create mode 100644 contador/ios/.gitignore
 create mode 100644 contador/ios/Flutter/AppFrameworkInfo.plist
 create mode 100644 contador/ios/Flutter/Debug.xcconfig
 create mode 100644 contador/ios/Flutter/Release.xcconfig
 create mode 100644 contador/ios/Runner.xcodeproj/project.pbxproj
 create mode 100644 contador/ios/Runner.xcodeproj/project.xcworkspace/contents.xcworkspacedata
 create mode 100644 contador/ios/Runner.xcodeproj/project.xcworkspace/xcshareddata/IDEWorkspaceChecks.plist
 create mode 100644 contador/ios/Runner.xcodeproj/project.xcworkspace/xcshareddata/WorkspaceSettings.xcsettings
 create mode 100644 contador/ios/Runner.xcodeproj/xcshareddata/xcschemes/Runner.xcscheme
 create mode 100644 contador/ios/Runner.xcworkspace/contents.xcworkspacedata
 create mode 100644 contador/ios/Runner.xcworkspace/xcshareddata/IDEWorkspaceChecks.plist
 create mode 100644 contador/ios/Runner.xcworkspace/xcshareddata/WorkspaceSettings.xcsettings
 create mode 100644 contador/ios/Runner/AppDelegate.swift
 create mode 100644 contador/ios/Runner/Assets.xcassets/AppIcon.appiconset/Contents.json
 create mode 100644 contador/ios/Runner/Assets.xcassets/AppIcon.appiconset/Icon-App-1024x1024@1x.png
 create mode 100644 contador/ios/Runner/Assets.xcassets/AppIcon.appiconset/Icon-App-20x20@1x.png
 create mode 100644 contador/ios/Runner/Assets.xcassets/AppIcon.appiconset/Icon-App-20x20@2x.png
 create mode 100644 contador/ios/Runner/Assets.xcassets/AppIcon.appiconset/Icon-App-20x20@3x.png
 create mode 100644 contador/ios/Runner/Assets.xcassets/AppIcon.appiconset/Icon-App-29x29@1x.png
 create mode 100644 contador/ios/Runner/Assets.xcassets/AppIcon.appiconset/Icon-App-29x29@2x.png
 create mode 100644 contador/ios/Runner/Assets.xcassets/AppIcon.appiconset/Icon-App-29x29@3x.png
 create mode 100644 contador/ios/Runner/Assets.xcassets/AppIcon.appiconset/Icon-App-40x40@1x.png
 create mode 100644 contador/ios/Runner/Assets.xcassets/AppIcon.appiconset/Icon-App-40x40@2x.png
 create mode 100644 contador/ios/Runner/Assets.xcassets/AppIcon.appiconset/Icon-App-40x40@3x.png
 create mode 100644 contador/ios/Runner/Assets.xcassets/AppIcon.appiconset/Icon-App-60x60@2x.png
 create mode 100644 contador/ios/Runner/Assets.xcassets/AppIcon.appiconset/Icon-App-60x60@3x.png
 create mode 100644 contador/ios/Runner/Assets.xcassets/AppIcon.appiconset/Icon-App-76x76@1x.png
 create mode 100644 contador/ios/Runner/Assets.xcassets/AppIcon.appiconset/Icon-App-76x76@2x.png
 create mode 100644 contador/ios/Runner/Assets.xcassets/AppIcon.appiconset/Icon-App-83.5x83.5@2x.png
 create mode 100644 contador/ios/Runner/Assets.xcassets/LaunchImage.imageset/Contents.json
 create mode 100644 contador/ios/Runner/Assets.xcassets/LaunchImage.imageset/LaunchImage.png
 create mode 100644 contador/ios/Runner/Assets.xcassets/LaunchImage.imageset/LaunchImage@2x.png
 create mode 100644 contador/ios/Runner/Assets.xcassets/LaunchImage.imageset/LaunchImage@3x.png
 create mode 100644 contador/ios/Runner/Assets.xcassets/LaunchImage.imageset/README.md
 create mode 100644 contador/ios/Runner/Base.lproj/LaunchScreen.storyboard
 create mode 100644 contador/ios/Runner/Base.lproj/Main.storyboard
 create mode 100644 contador/ios/Runner/Info.plist
 create mode 100644 contador/ios/Runner/Runner-Bridging-Header.h
 create mode 100644 contador/ios/RunnerTests/RunnerTests.swift
 create mode 100644 contador/lib/main.dart
 create mode 100644 contador/pubspec.lock
 create mode 100644 contador/pubspec.yaml
 create mode 100644 contador/web/favicon.png
 create mode 100644 contador/web/icons/Icon-192.png
 create mode 100644 contador/web/icons/Icon-512.png
 create mode 100644 contador/web/icons/Icon-maskable-192.png
 create mode 100644 contador/web/icons/Icon-maskable-512.png
 create mode 100644 contador/web/index.html
 create mode 100644 contador/web/manifest.json
 create mode 100644 first_app/.gitignore
 create mode 100644 first_app/.metadata
 create mode 100644 first_app/.vscode/launch.json
 create mode 100644 first_app/README.md
 create mode 100644 first_app/analysis_options.yaml
 create mode 100644 first_app/android/.gitignore
 create mode 100644 first_app/android/app/build.gradle
 create mode 100644 first_app/android/app/src/debug/AndroidManifest.xml
 create mode 100644 first_app/android/app/src/main/AndroidManifest.xml
 create mode 100644 first_app/android/app/src/main/kotlin/com/example/first_app/MainActivity.kt
 create mode 100644 first_app/android/app/src/main/res/drawable-v21/launch_background.xml
 create mode 100644 first_app/android/app/src/main/res/drawable/launch_background.xml
 create mode 100644 first_app/android/app/src/main/res/mipmap-hdpi/ic_launcher.png
 create mode 100644 first_app/android/app/src/main/res/mipmap-mdpi/ic_launcher.png
 create mode 100644 first_app/android/app/src/main/res/mipmap-xhdpi/ic_launcher.png
 create mode 100644 first_app/android/app/src/main/res/mipmap-xxhdpi/ic_launcher.png
 create mode 100644 first_app/android/app/src/main/res/mipmap-xxxhdpi/ic_launcher.png
 create mode 100644 first_app/android/app/src/main/res/values-night/styles.xml
 create mode 100644 first_app/android/app/src/main/res/values/styles.xml
 create mode 100644 first_app/android/app/src/profile/AndroidManifest.xml
 create mode 100644 first_app/android/build.gradle
 create mode 100644 first_app/android/gradle.properties
 create mode 100644 first_app/android/gradle/wrapper/gradle-wrapper.properties
 create mode 100644 first_app/android/settings.gradle
 create mode 100644 first_app/assets/fonts/BebasNeue-Regular.ttf
 create mode 100644 first_app/assets/images/flutter.png
 create mode 100644 first_app/ios/.gitignore
 create mode 100644 first_app/ios/Flutter/AppFrameworkInfo.plist
 create mode 100644 first_app/ios/Flutter/Debug.xcconfig
 create mode 100644 first_app/ios/Flutter/Release.xcconfig
 create mode 100644 first_app/ios/Runner.xcodeproj/project.pbxproj
 create mode 100644 first_app/ios/Runner.xcodeproj/project.xcworkspace/contents.xcworkspacedata
 create mode 100644 first_app/ios/Runner.xcodeproj/project.xcworkspace/xcshareddata/IDEWorkspaceChecks.plist
 create mode 100644 first_app/ios/Runner.xcodeproj/project.xcworkspace/xcshareddata/WorkspaceSettings.xcsettings
 create mode 100644 first_app/ios/Runner.xcodeproj/xcshareddata/xcschemes/Runner.xcscheme
 create mode 100644 first_app/ios/Runner.xcworkspace/contents.xcworkspacedata
 create mode 100644 first_app/ios/Runner.xcworkspace/xcshareddata/IDEWorkspaceChecks.plist
 create mode 100644 first_app/ios/Runner.xcworkspace/xcshareddata/WorkspaceSettings.xcsettings
 create mode 100644 first_app/ios/Runner/AppDelegate.swift
 create mode 100644 first_app/ios/Runner/Assets.xcassets/AppIcon.appiconset/Contents.json
 create mode 100644 first_app/ios/Runner/Assets.xcassets/AppIcon.appiconset/Icon-App-1024x1024@1x.png
 create mode 100644 first_app/ios/Runner/Assets.xcassets/AppIcon.appiconset/Icon-App-20x20@1x.png
 create mode 100644 first_app/ios/Runner/Assets.xcassets/AppIcon.appiconset/Icon-App-20x20@2x.png
 create mode 100644 first_app/ios/Runner/Assets.xcassets/AppIcon.appiconset/Icon-App-20x20@3x.png
 create mode 100644 first_app/ios/Runner/Assets.xcassets/AppIcon.appiconset/Icon-App-29x29@1x.png
 create mode 100644 first_app/ios/Runner/Assets.xcassets/AppIcon.appiconset/Icon-App-29x29@2x.png
 create mode 100644 first_app/ios/Runner/Assets.xcassets/AppIcon.appiconset/Icon-App-29x29@3x.png
 create mode 100644 first_app/ios/Runner/Assets.xcassets/AppIcon.appiconset/Icon-App-40x40@1x.png
 create mode 100644 first_app/ios/Runner/Assets.xcassets/AppIcon.appiconset/Icon-App-40x40@2x.png
 create mode 100644 first_app/ios/Runner/Assets.xcassets/AppIcon.appiconset/Icon-App-40x40@3x.png
 create mode 100644 first_app/ios/Runner/Assets.xcassets/AppIcon.appiconset/Icon-App-60x60@2x.png
 create mode 100644 first_app/ios/Runner/Assets.xcassets/AppIcon.appiconset/Icon-App-60x60@3x.png
 create mode 100644 first_app/ios/Runner/Assets.xcassets/AppIcon.appiconset/Icon-App-76x76@1x.png
 create mode 100644 first_app/ios/Runner/Assets.xcassets/AppIcon.appiconset/Icon-App-76x76@2x.png
 create mode 100644 first_app/ios/Runner/Assets.xcassets/AppIcon.appiconset/Icon-App-83.5x83.5@2x.png
 create mode 100644 first_app/ios/Runner/Assets.xcassets/LaunchImage.imageset/Contents.json
 create mode 100644 first_app/ios/Runner/Assets.xcassets/LaunchImage.imageset/LaunchImage.png
 create mode 100644 first_app/ios/Runner/Assets.xcassets/LaunchImage.imageset/LaunchImage@2x.png
 create mode 100644 first_app/ios/Runner/Assets.xcassets/LaunchImage.imageset/LaunchImage@3x.png
 create mode 100644 first_app/ios/Runner/Assets.xcassets/LaunchImage.imageset/README.md
 create mode 100644 first_app/ios/Runner/Base.lproj/LaunchScreen.storyboard
 create mode 100644 first_app/ios/Runner/Base.lproj/Main.storyboard
 create mode 100644 first_app/ios/Runner/Info.plist
 create mode 100644 first_app/ios/Runner/Runner-Bridging-Header.h
 create mode 100644 first_app/ios/RunnerTests/RunnerTests.swift
 create mode 100644 first_app/lib/main.dart
 create mode 100644 first_app/pubspec.lock
 create mode 100644 first_app/pubspec.yaml
 create mode 100644 first_app/web/favicon.png
 create mode 100644 first_app/web/icons/Icon-192.png
 create mode 100644 first_app/web/icons/Icon-512.png
 create mode 100644 first_app/web/icons/Icon-maskable-192.png
 create mode 100644 first_app/web/icons/Icon-maskable-512.png
 create mode 100644 first_app/web/index.html
 create mode 100644 first_app/web/manifest.json

frederico.fernandes@C11-GFY81TQH1W1 MINGW64 /c/flutter_projects (master)
$ gt remote add origin https://github.com/fgurgell50/desenv-app.git
bash: gt: command not found

frederico.fernandes@C11-GFY81TQH1W1 MINGW64 /c/flutter_projects (master)
$ git remote add origin https://github.com/fgurgell50/desenv-app.git

frederico.fernandes@C11-GFY81TQH1W1 MINGW64 /c/flutter_projects (master)
$ git config --global user.name "fgurgell50"

frederico.fernandes@C11-GFY81TQH1W1 MINGW64 /c/flutter_projects (master)
$ git config --global user.email "fgurgell.acc@gmail.com"

frederico.fernandes@C11-GFY81TQH1W1 MINGW64 /c/flutter_projects (master)
$ git push origin master
